#
# There is insufficient memory for the Java Runtime Environment to continue.
# Native memory allocation (mmap) failed to map 257949696 bytes. Error detail: G1 virtual space
# Possible reasons:
#   The system is out of physical RAM or swap space
#   This process is running with CompressedOops enabled, and the Java Heap may be blocking the growth of the native heap
# Possible solutions:
#   Reduce memory load on the system
#   Increase physical memory or swap space
#   Check if swap backing store is full
#   Decrease Java heap size (-Xmx/-Xms)
#   Decrease number of Java threads
#   Decrease Java thread stack sizes (-Xss)
#   Set larger code cache with -XX:ReservedCodeCacheSize=
#   JVM is running with Zero Based Compressed Oops mode in which the Java heap is
#     placed in the first 32GB address space. The Java Heap base address is the
#     maximum limit for the native heap growth. Please use -XX:HeapBaseMinAddress
#     to set the Java Heap base and to place the Java Heap above 32GB virtual address.
# This output file may be truncated or incomplete.
#
#  Out of Memory Error (os_windows.cpp:3703), pid=16296, tid=24428
#
# JRE version:  (23.0.1+11) (build )
# Java VM: Java HotSpot(TM) 64-Bit Server VM (23.0.1+11-39, mixed mode, sharing, tiered, compressed oops, compressed class ptrs, g1 gc, windows-amd64)
# No core dump will be written. Minidumps are not enabled by default on client versions of Windows
#

---------------  S U M M A R Y ------------

Command Line: -javaagent:C:\Program Files\JetBrains\IntelliJ IDEA Community Edition 2024.3.4.1\lib\idea_rt.jar=58211 -Dfile.encoding=UTF-8 -Dsun.stdout.encoding=UTF-8 -Dsun.stderr.encoding=UTF-8 ArrayDemo.SecondLargestNumber

Host: AMD Ryzen 7 7730U with Radeon Graphics         , 16 cores, 15G,  Windows 11 , 64 bit Build 26100 (10.0.26100.8328)
Time: Sun May 31 19:37:09 2026 India Standard Time elapsed time: 1.090264 seconds (0d 0h 0m 1s)

---------------  T H R E A D  ---------------

Current thread (0x000002beeffdf590):  JavaThread "Unknown thread" [_thread_in_vm, id=24428, stack(0x000000ceb0600000,0x000000ceb0700000) (1024K)]

Stack: [0x000000ceb0600000,0x000000ceb0700000]
Native frames: (J=compiled Java code, j=interpreted, Vv=VM code, C=native code)
V  [jvm.dll+0x6e08b9]  (no source info available)
V  [jvm.dll+0x87dc83]  (no source info available)
V  [jvm.dll+0x88010e]  (no source info available)
V  [jvm.dll+0x8807e3]  (no source info available)
V  [jvm.dll+0x27aee6]  (no source info available)
V  [jvm.dll+0x6dd1c5]  (no source info available)
V  [jvm.dll+0x6d104a]  (no source info available)
V  [jvm.dll+0x35b3ea]  (no source info available)
V  [jvm.dll+0x3637f6]  (no source info available)
V  [jvm.dll+0x34fd5e]  (no source info available)
V  [jvm.dll+0x34fff8]  (no source info available)
V  [jvm.dll+0x3289cc]  (no source info available)
V  [jvm.dll+0x32966e]  (no source info available)
V  [jvm.dll+0x844355]  (no source info available)
V  [jvm.dll+0x3b9848]  (no source info available)
V  [jvm.dll+0x82d14c]  (no source info available)
V  [jvm.dll+0x454d4e]  (no source info available)
V  [jvm.dll+0x456bd1]  (no source info available)
C  [jli.dll+0x52a3]  (no source info available)
C  [ucrtbase.dll+0x37b0]  (no source info available)
C  [KERNEL32.DLL+0x2e957]  (no source info available)
C  [ntdll.dll+0x427c]  (no source info available)

Lock stack of current Java thread (top to bottom):


---------------  P R O C E S S  ---------------

Threads class SMR info:
_java_thread_list=0x00007ffcdd2f3618, length=0, elements={
}

Java Threads: ( => current thread )
Total: 0

Other Threads:
  0x000002bef008dd20 WorkerThread "GC Thread#0"                     [id=9336, stack(0x000000ceb0800000,0x000000ceb0900000) (1024K)]
  0x000002beeffcb110 ConcurrentGCThread "G1 Main Marker"            [id=29288, stack(0x000000ceb0900000,0x000000ceb0a00000) (1024K)]
  0x000002bef24e3a80 WorkerThread "G1 Conc#0"                       [id=352, stack(0x000000ceb0a00000,0x000000ceb0b00000) (1024K)]

[error occurred during error reporting (printing all threads), id 0xc0000005, EXCEPTION_ACCESS_VIOLATION (0xc0000005) at pc=0x00007ffcdca3bfba]
VM state: not at safepoint (not fully initialized)

VM Mutex/Monitor currently owned by a thread:  ([mutex/lock_event])
[0x00007ffcdd373a10] Heap_lock - owner thread: 0x000002beeffdf590

Heap address: 0x000000070a400000, size: 3932 MB, Compressed Oops mode: Zero based, Oop shift amount: 3

CDS archive(s) mapped at: [0x0000000000000000-0x0000000000000000-0x0000000000000000), size 0, SharedBaseAddress: 0x0000000800000000, ArchiveRelocationMode: 1.
Narrow klass base: 0x0000000000000000, Narrow klass shift: 0, Narrow klass range: 0x0

GC Precious Log:
 CardTable entry size: 512
 Card Set container configuration: InlinePtr #cards 4 size 8 Array Of Cards #cards 16 size 48 Howl #buckets 8 coarsen threshold 3686 Howl Bitmap #cards 512 size 80 coarsen threshold 460 Card regions per heap region 1 cards per card region 4096

Heap:
 garbage-first heap   total reserved 4026368K, committed 0K, used 0K [0x000000070a400000, 0x0000000800000000)
  region size 2048K, 0 young (0K), 0 survivors (0K)

[error occurred during error reporting (printing heap information), id 0xc0000005, EXCEPTION_ACCESS_VIOLATION (0xc0000005) at pc=0x00007ffcdce3c3c9]
GC Heap History (0 events):
No events

Dll operation events (1 events):
Event: 0.016 Loaded shared library E:\jdk-23_windows-x64_bin\jdk-23.0.1\bin\java.dll

Deoptimization events (0 events):
No events

Classes loaded (0 events):
No events

Classes unloaded (0 events):
No events

Classes redefined (0 events):
No events

Internal exceptions (0 events):
No events

VM Operations (0 events):
No events

Memory protections (0 events):
No events

Nmethod flushes (0 events):
No events

Events (0 events):
No events


Dynamic libraries:
0x00007ff716e10000 - 0x00007ff716e20000 	E:\jdk-23_windows-x64_bin\jdk-23.0.1\bin\java.exe
0x00007ffd8da60000 - 0x00007ffd8dcc7000 	C:\WINDOWS\SYSTEM32\ntdll.dll
0x00007ffd8c6f0000 - 0x00007ffd8c7b9000 	C:\WINDOWS\System32\KERNEL32.DLL
0x00007ffd8a490000 - 0x00007ffd8a887000 	C:\WINDOWS\System32\KERNELBASE.dll
0x00007ffd8b520000 - 0x00007ffd8b66b000 	C:\WINDOWS\System32\ucrtbase.dll
0x00007ffd86fa0000 - 0x00007ffd86fb7000 	E:\jdk-23_windows-x64_bin\jdk-23.0.1\bin\jli.dll
0x00007ffd8bfd0000 - 0x00007ffd8c196000 	C:\WINDOWS\System32\USER32.dll
0x00007ffd8b4f0000 - 0x00007ffd8b517000 	C:\WINDOWS\System32\win32u.dll
0x00007ffd8c5e0000 - 0x00007ffd8c60b000 	C:\WINDOWS\System32\GDI32.dll
0x00007ffd8a890000 - 0x00007ffd8a9bc000 	C:\WINDOWS\System32\gdi32full.dll
0x00007ffd8a9c0000 - 0x00007ffd8aa63000 	C:\WINDOWS\System32\msvcp_win.dll
0x00007ffd86f40000 - 0x00007ffd86f5b000 	E:\jdk-23_windows-x64_bin\jdk-23.0.1\bin\VCRUNTIME140.dll
0x00007ffd73170000 - 0x00007ffd73402000 	C:\WINDOWS\WinSxS\amd64_microsoft.windows.common-controls_6595b64144ccf1df_6.0.26100.8457_none_3e0b2faee331e92d\COMCTL32.dll
0x00007ffd8c1a0000 - 0x00007ffd8c249000 	C:\WINDOWS\System32\msvcrt.dll
0x00007ffd8cda0000 - 0x00007ffd8cdd2000 	C:\WINDOWS\System32\IMM32.DLL
0x00007ffd6ca10000 - 0x00007ffd6cb6c000 	C:\Program Files (x86)\Citrix\ICA Client\ctxapclient64.dll
0x00007ffd8c250000 - 0x00007ffd8c5d3000 	C:\WINDOWS\System32\combase.dll
0x00007ffd8ce60000 - 0x00007ffd8cf78000 	C:\WINDOWS\System32\RPCRT4.dll
0x00007ffd82490000 - 0x00007ffd8249b000 	C:\WINDOWS\SYSTEM32\VERSION.dll
0x00007ffd8a380000 - 0x00007ffd8a3aa000 	C:\WINDOWS\SYSTEM32\bcrypt.dll
0x00007ffd8c610000 - 0x00007ffd8c6b7000 	C:\WINDOWS\System32\sechost.dll
0x00007ffd8d3e0000 - 0x00007ffd8d496000 	C:\WINDOWS\System32\ADVAPI32.dll
0x00007ffd89340000 - 0x00007ffd89376000 	C:\WINDOWS\SYSTEM32\ntmarta.dll
0x000002bef1b50000 - 0x000002bef1bf8000 	C:\WINDOWS\System32\bcryptprimitives.dll
0x00007ffd86f30000 - 0x00007ffd86f3c000 	E:\jdk-23_windows-x64_bin\jdk-23.0.1\bin\vcruntime140_1.dll
0x00007ffd7ed30000 - 0x00007ffd7edbe000 	E:\jdk-23_windows-x64_bin\jdk-23.0.1\bin\msvcp140.dll
0x00007ffcdc700000 - 0x00007ffcdd44f000 	E:\jdk-23_windows-x64_bin\jdk-23.0.1\bin\server\jvm.dll
0x00007ffd8d710000 - 0x00007ffd8d790000 	C:\WINDOWS\System32\WS2_32.dll
0x00007ffd8a240000 - 0x00007ffd8a29e000 	C:\WINDOWS\SYSTEM32\POWRPROF.dll
0x00007ffd82450000 - 0x00007ffd82486000 	C:\WINDOWS\SYSTEM32\WINMM.dll
0x00007ffd8a120000 - 0x00007ffd8a134000 	C:\WINDOWS\SYSTEM32\UMPDC.dll
0x00007ffd89220000 - 0x00007ffd8923b000 	C:\WINDOWS\SYSTEM32\kernel.appcore.dll
0x00007ffd86f20000 - 0x00007ffd86f2a000 	E:\jdk-23_windows-x64_bin\jdk-23.0.1\bin\jimage.dll
0x00007ffd883e0000 - 0x00007ffd88622000 	C:\WINDOWS\SYSTEM32\DBGHELP.DLL
0x00007ffd8ccc0000 - 0x00007ffd8cd99000 	C:\WINDOWS\System32\OLEAUT32.dll
0x00007ffd72f70000 - 0x00007ffd72fab000 	C:\WINDOWS\SYSTEM32\dbgcore.DLL
0x00007ffd86f10000 - 0x00007ffd86f1f000 	E:\jdk-23_windows-x64_bin\jdk-23.0.1\bin\instrument.dll
0x00007ffd84880000 - 0x00007ffd8489e000 	E:\jdk-23_windows-x64_bin\jdk-23.0.1\bin\java.dll
0x00007ffd8cf80000 - 0x00007ffd8d117000 	C:\WINDOWS\System32\ole32.dll
0x00007ffd8b850000 - 0x00007ffd8bfbe000 	C:\WINDOWS\System32\SHELL32.dll

dbghelp: loaded successfully - version: 4.0.5 - missing functions: none
symbol engine: initialized successfully - sym options: 0x614 - pdb path: .;E:\jdk-23_windows-x64_bin\jdk-23.0.1\bin;C:\WINDOWS\SYSTEM32;C:\WINDOWS\WinSxS\amd64_microsoft.windows.common-controls_6595b64144ccf1df_6.0.26100.8457_none_3e0b2faee331e92d;C:\Program Files (x86)\Citrix\ICA Client;E:\jdk-23_windows-x64_bin\jdk-23.0.1\bin\server

VM Arguments:
jvm_args: -javaagent:C:\Program Files\JetBrains\IntelliJ IDEA Community Edition 2024.3.4.1\lib\idea_rt.jar=58211 -Dfile.encoding=UTF-8 -Dsun.stdout.encoding=UTF-8 -Dsun.stderr.encoding=UTF-8 
java_command: ArrayDemo.SecondLargestNumber
java_class_path (initial): E:\DesignPattern\design-pattern\out\production\design-pattern
Launcher Type: SUN_STANDARD

[Global flags]
     intx CICompilerCount                          = 12                                        {product} {ergonomic}
     uint ConcGCThreads                            = 3                                         {product} {ergonomic}
     uint G1ConcRefinementThreads                  = 13                                        {product} {ergonomic}
   size_t G1HeapRegionSize                         = 2097152                                   {product} {ergonomic}
   size_t InitialHeapSize                          = 257949696                                 {product} {ergonomic}
   size_t MarkStackSize                            = 4194304                                   {product} {ergonomic}
   size_t MarkStackSizeMax                         = 536870912                                 {product} {ergonomic}
   size_t MaxHeapSize                              = 4123000832                                {product} {ergonomic}
   size_t MinHeapDeltaBytes                        = 2097152                                   {product} {ergonomic}
   size_t MinHeapSize                              = 8388608                                   {product} {ergonomic}
    uintx NonNMethodCodeHeapSize                   = 7602176                                {pd product} {ergonomic}
    uintx NonProfiledCodeHeapSize                  = 122093568                              {pd product} {ergonomic}
    uintx ProfiledCodeHeapSize                     = 121962496                              {pd product} {ergonomic}
    uintx ReservedCodeCacheSize                    = 251658240                              {pd product} {ergonomic}
     bool SegmentedCodeCache                       = true                                      {product} {ergonomic}
   size_t SoftMaxHeapSize                          = 4123000832                             {manageable} {ergonomic}
     bool UseCompressedOops                        = true                           {product lp64_product} {ergonomic}
     bool UseG1GC                                  = true                                      {product} {ergonomic}
     bool UseLargePagesIndividualAllocation        = false                                  {pd product} {ergonomic}

Logging:
Log output configuration:
 #0: stdout all=warning uptime,level,tags foldmultilines=false
 #1: stderr all=off uptime,level,tags foldmultilines=false

Environment Variables:
JAVA_HOME=E:\jdk-23_windows-x64_bin\jdk-23.0.1
PATH=C:\Program Files\Common Files\Oracle\Java\javapath;C:\WINDOWS\system32;C:\WINDOWS;C:\WINDOWS\System32\Wbem;C:\WINDOWS\System32\WindowsPowerShell\v1.0\;C:\WINDOWS\System32\OpenSSH\;E:\jdk-23_windows-x64_bin\jdk-23.0.1\bin;C:\Program Files\Git\cmd;C:\Program Files\nodejs\;C:\Program Files\nodejs;C:\Users\sumit\AppData\Local\Programs\Python\Python313\Scripts\;C:\Users\sumit\AppData\Local\Programs\Python\Python313\;C:\Program Files\MySQL\MySQL Shell 8.0\bin\;C:\Users\sumit\AppData\Local\Microsoft\WindowsApps;C:\Users\sumit\AppData\Local\Programs\Microsoft VS Code\bin;E:\jdk-23_windows-x64_bin\jdk-23.0.1\bin;C:\Users\sumit\AppData\Roaming\npm;
USERNAME=sumit
OS=Windows_NT
PROCESSOR_IDENTIFIER=AMD64 Family 25 Model 80 Stepping 0, AuthenticAMD
TMP=C:\Users\sumit\AppData\Local\Temp
TEMP=C:\Users\sumit\AppData\Local\Temp




Periodic native trim disabled

---------------  S Y S T E M  ---------------

OS:
 Windows 11 , 64 bit Build 26100 (10.0.26100.8328)
OS uptime: 13 days 21:37 hours

CPU: total 16 (initial active 16) (16 cores per cpu, 2 threads per core) family 25 model 80 stepping 0 microcode 0xa50000f, cx8, cmov, fxsr, ht, mmx, 3dnowpref, sse, sse2, sse3, ssse3, sse4a, sse4.1, sse4.2, popcnt, lzcnt, tsc, tscinvbit, avx, avx2, aes, erms, clmul, bmi1, bmi2, adx, sha, fma, vzeroupper, clflush, clflushopt, rdtscp, rdpid, fsrm, f16c, pku, cet_ss
Processor Information for processor 0
  Max Mhz: 2000, Current Mhz: 1808, Mhz Limit: 2000
Processor Information for processor 1
  Max Mhz: 2000, Current Mhz: 1808, Mhz Limit: 2000
Processor Information for processor 2
  Max Mhz: 2000, Current Mhz: 1808, Mhz Limit: 2000
Processor Information for processor 3
  Max Mhz: 2000, Current Mhz: 1808, Mhz Limit: 2000
Processor Information for processor 4
  Max Mhz: 2000, Current Mhz: 1808, Mhz Limit: 2000
Processor Information for processor 5
  Max Mhz: 2000, Current Mhz: 1808, Mhz Limit: 2000
Processor Information for processor 6
  Max Mhz: 2000, Current Mhz: 1890, Mhz Limit: 2000
Processor Information for processor 7
  Max Mhz: 2000, Current Mhz: 1808, Mhz Limit: 2000
Processor Information for processor 8
  Max Mhz: 2000, Current Mhz: 1808, Mhz Limit: 2000
Processor Information for processor 9
  Max Mhz: 2000, Current Mhz: 1808, Mhz Limit: 2000
Processor Information for processor 10
  Max Mhz: 2000, Current Mhz: 1808, Mhz Limit: 2000
Processor Information for processor 11
  Max Mhz: 2000, Current Mhz: 1808, Mhz Limit: 2000
Processor Information for processor 12
  Max Mhz: 2000, Current Mhz: 1808, Mhz Limit: 2000
Processor Information for processor 13
  Max Mhz: 2000, Current Mhz: 1808, Mhz Limit: 2000
Processor Information for processor 14
  Max Mhz: 2000, Current Mhz: 1890, Mhz Limit: 2000
Processor Information for processor 15
  Max Mhz: 2000, Current Mhz: 1808, Mhz Limit: 2000

Memory: 4k page, system-wide physical 15724M (6186M free)
TotalPageFile size 45359M (AvailPageFile size 12M)
current process WorkingSet (physical memory assigned to process): 15M, peak: 15M
current process commit charge ("private bytes"): 72M, peak: 318M

vm_info: Java HotSpot(TM) 64-Bit Server VM (23.0.1+11-39) for windows-amd64 JRE (23.0.1+11-39), built on 2024-09-30T07:20:43Z with MS VC++ 17.6 (VS2022)

END.
