#
# There is insufficient memory for the Java Runtime Environment to continue.
# Native memory allocation (mmap) failed to map 257949696 bytes. Error detail: G1 virtual space
# Possible reasons:
#   The system is out of physical RAM or swap space
#   This process is running with CompressedOops enabled, and the Java Heap may be blocking the growth of the native heap
# Possible solutions:
#   Reduce memory load on the system
#   Increase physical memory or swap space
#   Check if swap backing store is full
#   Decrease Java heap size (-Xmx/-Xms)
#   Decrease number of Java threads
#   Decrease Java thread stack sizes (-Xss)
#   Set larger code cache with -XX:ReservedCodeCacheSize=
#   JVM is running with Zero Based Compressed Oops mode in which the Java heap is
#     placed in the first 32GB address space. The Java Heap base address is the
#     maximum limit for the native heap growth. Please use -XX:HeapBaseMinAddress
#     to set the Java Heap base and to place the Java Heap above 32GB virtual address.
# This output file may be truncated or incomplete.
#
#  Out of Memory Error (os_windows.cpp:3703), pid=27176, tid=28168
#
# JRE version:  (23.0.1+11) (build )
# Java VM: Java HotSpot(TM) 64-Bit Server VM (23.0.1+11-39, mixed mode, sharing, tiered, compressed oops, compressed class ptrs, g1 gc, windows-amd64)
# No core dump will be written. Minidumps are not enabled by default on client versions of Windows
#

---------------  S U M M A R Y ------------

Command Line: -javaagent:C:\Program Files\JetBrains\IntelliJ IDEA Community Edition 2024.3.4.1\lib\idea_rt.jar=63969 -Dfile.encoding=UTF-8 -Dsun.stdout.encoding=UTF-8 -Dsun.stderr.encoding=UTF-8 CollectsDemo.LargestNthNumber

Host: AMD Ryzen 7 7730U with Radeon Graphics         , 16 cores, 15G,  Windows 11 , 64 bit Build 26100 (10.0.26100.8328)
Time: Tue Jun  2 13:44:22 2026 India Standard Time elapsed time: 1.192648 seconds (0d 0h 0m 1s)

---------------  T H R E A D  ---------------

Current thread (0x00000295fa560600):  JavaThread "Unknown thread" [_thread_in_vm, id=28168, stack(0x000000fd42700000,0x000000fd42800000) (1024K)]

Stack: [0x000000fd42700000,0x000000fd42800000]
Native frames: (J=compiled Java code, j=interpreted, Vv=VM code, C=native code)
V  [jvm.dll+0x6e08b9]  (no source info available)
V  [jvm.dll+0x87dc83]  (no source info available)
V  [jvm.dll+0x88010e]  (no source info available)
V  [jvm.dll+0x8807e3]  (no source info available)
V  [jvm.dll+0x27aee6]  (no source info available)
V  [jvm.dll+0x6dd1c5]  (no source info available)
V  [jvm.dll+0x6d104a]  (no source info available)
V  [jvm.dll+0x35b3ea]  (no source info available)
V  [jvm.dll+0x3637f6]  (no source info available)
V  [jvm.dll+0x34fd5e]  (no source info available)
V  [jvm.dll+0x34fff8]  (no source info available)
V  [jvm.dll+0x3289cc]  (no source info available)
V  [jvm.dll+0x32966e]  (no source info available)
V  [jvm.dll+0x844355]  (no source info available)
V  [jvm.dll+0x3b9848]  (no source info available)
V  [jvm.dll+0x82d14c]  (no source info available)
V  [jvm.dll+0x454d4e]  (no source info available)
V  [jvm.dll+0x456bd1]  (no source info available)
C  [jli.dll+0x52a3]  (no source info available)
C  [ucrtbase.dll+0x37b0]  (no source info available)
C  [KERNEL32.DLL+0x2e957]  (no source info available)
C  [ntdll.dll+0x427c]  (no source info available)

Lock stack of current Java thread (top to bottom):


---------------  P R O C E S S  ---------------

Threads class SMR info:
_java_thread_list=0x00007ff9da923618, length=0, elements={
}

Java Threads: ( => current thread )
Total: 0

Other Threads:
  0x00000295fca02210 WorkerThread "GC Thread#0"                     [id=26408, stack(0x000000fd42900000,0x000000fd42a00000) (1024K)]
  0x00000295fa54b500 ConcurrentGCThread "G1 Main Marker"            [id=15408, stack(0x000000fd42a00000,0x000000fd42b00000) (1024K)]
  0x00000295fca19a60 WorkerThread "G1 Conc#0"                       [id=15968, stack(0x000000fd42b00000,0x000000fd42c00000) (1024K)]

[error occurred during error reporting (printing all threads), id 0xc0000005, EXCEPTION_ACCESS_VIOLATION (0xc0000005) at pc=0x00007ff9da06bfba]
VM state: not at safepoint (not fully initialized)

VM Mutex/Monitor currently owned by a thread:  ([mutex/lock_event])
[0x00007ff9da9a3a10] Heap_lock - owner thread: 0x00000295fa560600

Heap address: 0x000000070a400000, size: 3932 MB, Compressed Oops mode: Zero based, Oop shift amount: 3

CDS archive(s) mapped at: [0x0000000000000000-0x0000000000000000-0x0000000000000000), size 0, SharedBaseAddress: 0x0000000800000000, ArchiveRelocationMode: 1.
Narrow klass base: 0x0000000000000000, Narrow klass shift: 0, Narrow klass range: 0x0

GC Precious Log:
 CardTable entry size: 512
 Card Set container configuration: InlinePtr #cards 4 size 8 Array Of Cards #cards 16 size 48 Howl #buckets 8 coarsen threshold 3686 Howl Bitmap #cards 512 size 80 coarsen threshold 460 Card regions per heap region 1 cards per card region 4096

Heap:
 garbage-first heap   total reserved 4026368K, committed 0K, used 0K [0x000000070a400000, 0x0000000800000000)
  region size 2048K, 0 young (0K), 0 survivors (0K)

[error occurred during error reporting (printing heap information), id 0xc0000005, EXCEPTION_ACCESS_VIOLATION (0xc0000005) at pc=0x00007ff9da46c3c9]
GC Heap History (0 events):
No events

Dll operation events (1 events):
Event: 0.007 Loaded shared library E:\jdk-23_windows-x64_bin\jdk-23.0.1\bin\java.dll

Deoptimization events (0 events):
No events

Classes loaded (0 events):
No events

Classes unloaded (0 events):
No events

Classes redefined (0 events):
No events

Internal exceptions (0 events):
No events

VM Operations (0 events):
No events

Memory protections (0 events):
No events

Nmethod flushes (0 events):
No events

Events (0 events):
No events


Dynamic libraries:
0x00007ff6e8450000 - 0x00007ff6e8460000 	E:\jdk-23_windows-x64_bin\jdk-23.0.1\bin\java.exe
0x00007ffa53fa0000 - 0x00007ffa54207000 	C:\WINDOWS\SYSTEM32\ntdll.dll
0x00007ffa52cd0000 - 0x00007ffa52d99000 	C:\WINDOWS\System32\KERNEL32.DLL
0x00007ffa51320000 - 0x00007ffa51717000 	C:\WINDOWS\System32\KERNELBASE.dll
0x00007ffa51930000 - 0x00007ffa51a7b000 	C:\WINDOWS\System32\ucrtbase.dll
0x00007ffa4e780000 - 0x00007ffa4e797000 	E:\jdk-23_windows-x64_bin\jdk-23.0.1\bin\jli.dll
0x00007ffa52020000 - 0x00007ffa521e6000 	C:\WINDOWS\System32\USER32.dll
0x00007ffa512f0000 - 0x00007ffa51317000 	C:\WINDOWS\System32\win32u.dll
0x00007ffa52b10000 - 0x00007ffa52b3b000 	C:\WINDOWS\System32\GDI32.dll
0x00007ffa51a80000 - 0x00007ffa51bac000 	C:\WINDOWS\System32\gdi32full.dll
0x00007ffa51240000 - 0x00007ffa512e3000 	C:\WINDOWS\System32\msvcp_win.dll
0x00007ffa4e760000 - 0x00007ffa4e77b000 	E:\jdk-23_windows-x64_bin\jdk-23.0.1\bin\VCRUNTIME140.dll
0x00007ffa3b410000 - 0x00007ffa3b6a2000 	C:\WINDOWS\WinSxS\amd64_microsoft.windows.common-controls_6595b64144ccf1df_6.0.26100.8457_none_3e0b2faee331e92d\COMCTL32.dll
0x00007ffa52da0000 - 0x00007ffa52e49000 	C:\WINDOWS\System32\msvcrt.dll
0x00007ffa521f0000 - 0x00007ffa52222000 	C:\WINDOWS\System32\IMM32.DLL
0x00007ffa30280000 - 0x00007ffa303dc000 	C:\Program Files (x86)\Citrix\ICA Client\ctxapclient64.dll
0x00007ffa53970000 - 0x00007ffa53cf3000 	C:\WINDOWS\System32\combase.dll
0x00007ffa53850000 - 0x00007ffa53968000 	C:\WINDOWS\System32\RPCRT4.dll
0x00007ffa496e0000 - 0x00007ffa496eb000 	C:\WINDOWS\SYSTEM32\VERSION.dll
0x00007ffa508c0000 - 0x00007ffa508ea000 	C:\WINDOWS\SYSTEM32\bcrypt.dll
0x00007ffa53700000 - 0x00007ffa537a7000 	C:\WINDOWS\System32\sechost.dll
0x00007ffa51f40000 - 0x00007ffa51ff6000 	C:\WINDOWS\System32\ADVAPI32.dll
0x00007ffa4f880000 - 0x00007ffa4f8b6000 	C:\WINDOWS\SYSTEM32\ntmarta.dll
0x00007ffa51c70000 - 0x00007ffa51d18000 	C:\WINDOWS\System32\bcryptprimitives.dll
0x00007ffa4e7b0000 - 0x00007ffa4e7bc000 	E:\jdk-23_windows-x64_bin\jdk-23.0.1\bin\vcruntime140_1.dll
0x00007ffa4e420000 - 0x00007ffa4e4ae000 	E:\jdk-23_windows-x64_bin\jdk-23.0.1\bin\msvcp140.dll
0x00007ff9d9d30000 - 0x00007ff9daa7f000 	E:\jdk-23_windows-x64_bin\jdk-23.0.1\bin\server\jvm.dll
0x00007ffa52a10000 - 0x00007ffa52a90000 	C:\WINDOWS\System32\WS2_32.dll
0x00007ffa50830000 - 0x00007ffa5088e000 	C:\WINDOWS\SYSTEM32\POWRPROF.dll
0x00007ffa48bb0000 - 0x00007ffa48be6000 	C:\WINDOWS\SYSTEM32\WINMM.dll
0x00007ffa50810000 - 0x00007ffa50824000 	C:\WINDOWS\SYSTEM32\UMPDC.dll
0x00007ffa4f760000 - 0x00007ffa4f77b000 	C:\WINDOWS\SYSTEM32\kernel.appcore.dll
0x00007ffa4e750000 - 0x00007ffa4e75a000 	E:\jdk-23_windows-x64_bin\jdk-23.0.1\bin\jimage.dll
0x00007ffa4e4d0000 - 0x00007ffa4e712000 	C:\WINDOWS\SYSTEM32\DBGHELP.DLL
0x00007ffa51e60000 - 0x00007ffa51f39000 	C:\WINDOWS\System32\OLEAUT32.dll
0x00007ffa32650000 - 0x00007ffa3268b000 	C:\WINDOWS\SYSTEM32\dbgcore.DLL
0x00007ffa4e410000 - 0x00007ffa4e41f000 	E:\jdk-23_windows-x64_bin\jdk-23.0.1\bin\instrument.dll
0x00007ffa4e0b0000 - 0x00007ffa4e0ce000 	E:\jdk-23_windows-x64_bin\jdk-23.0.1\bin\java.dll
0x00007ffa526c0000 - 0x00007ffa52857000 	C:\WINDOWS\System32\ole32.dll
0x00007ffa52f80000 - 0x00007ffa536ee000 	C:\WINDOWS\System32\SHELL32.dll

dbghelp: loaded successfully - version: 4.0.5 - missing functions: none
symbol engine: initialized successfully - sym options: 0x614 - pdb path: .;E:\jdk-23_windows-x64_bin\jdk-23.0.1\bin;C:\WINDOWS\SYSTEM32;C:\WINDOWS\WinSxS\amd64_microsoft.windows.common-controls_6595b64144ccf1df_6.0.26100.8457_none_3e0b2faee331e92d;C:\Program Files (x86)\Citrix\ICA Client;E:\jdk-23_windows-x64_bin\jdk-23.0.1\bin\server

VM Arguments:
jvm_args: -javaagent:C:\Program Files\JetBrains\IntelliJ IDEA Community Edition 2024.3.4.1\lib\idea_rt.jar=63969 -Dfile.encoding=UTF-8 -Dsun.stdout.encoding=UTF-8 -Dsun.stderr.encoding=UTF-8 
java_command: CollectsDemo.LargestNthNumber
java_class_path (initial): E:\DesignPattern\design-pattern\out\production\design-pattern
Launcher Type: SUN_STANDARD

[Global flags]
     intx CICompilerCount                          = 12                                        {product} {ergonomic}
     uint ConcGCThreads                            = 3                                         {product} {ergonomic}
     uint G1ConcRefinementThreads                  = 13                                        {product} {ergonomic}
   size_t G1HeapRegionSize                         = 2097152                                   {product} {ergonomic}
   size_t InitialHeapSize                          = 257949696                                 {product} {ergonomic}
   size_t MarkStackSize                            = 4194304                                   {product} {ergonomic}
   size_t MarkStackSizeMax                         = 536870912                                 {product} {ergonomic}
   size_t MaxHeapSize                              = 4123000832                                {product} {ergonomic}
   size_t MinHeapDeltaBytes                        = 2097152                                   {product} {ergonomic}
   size_t MinHeapSize                              = 8388608                                   {product} {ergonomic}
    uintx NonNMethodCodeHeapSize                   = 7602176                                {pd product} {ergonomic}
    uintx NonProfiledCodeHeapSize                  = 122093568                              {pd product} {ergonomic}
    uintx ProfiledCodeHeapSize                     = 121962496                              {pd product} {ergonomic}
    uintx ReservedCodeCacheSize                    = 251658240                              {pd product} {ergonomic}
     bool SegmentedCodeCache                       = true                                      {product} {ergonomic}
   size_t SoftMaxHeapSize                          = 4123000832                             {manageable} {ergonomic}
     bool UseCompressedOops                        = true                           {product lp64_product} {ergonomic}
     bool UseG1GC                                  = true                                      {product} {ergonomic}
     bool UseLargePagesIndividualAllocation        = false                                  {pd product} {ergonomic}

Logging:
Log output configuration:
 #0: stdout all=warning uptime,level,tags foldmultilines=false
 #1: stderr all=off uptime,level,tags foldmultilines=false

Environment Variables:
JAVA_HOME=E:\jdk-23_windows-x64_bin\jdk-23.0.1
PATH=C:\Program Files\Common Files\Oracle\Java\javapath;C:\WINDOWS\system32;C:\WINDOWS;C:\WINDOWS\System32\Wbem;C:\WINDOWS\System32\WindowsPowerShell\v1.0\;C:\WINDOWS\System32\OpenSSH\;E:\jdk-23_windows-x64_bin\jdk-23.0.1\bin;C:\Program Files\Git\cmd;C:\Program Files\nodejs\;C:\Program Files\nodejs;C:\Users\sumit\AppData\Local\Programs\Python\Python313\Scripts\;C:\Users\sumit\AppData\Local\Programs\Python\Python313\;C:\Program Files\MySQL\MySQL Shell 8.0\bin\;C:\Users\sumit\AppData\Local\Microsoft\WindowsApps;C:\Users\sumit\AppData\Local\Programs\Microsoft VS Code\bin;E:\jdk-23_windows-x64_bin\jdk-23.0.1\bin;C:\Users\sumit\AppData\Roaming\npm;
USERNAME=sumit
OS=Windows_NT
PROCESSOR_IDENTIFIER=AMD64 Family 25 Model 80 Stepping 0, AuthenticAMD
TMP=C:\Users\sumit\AppData\Local\Temp
TEMP=C:\Users\sumit\AppData\Local\Temp




Periodic native trim disabled

---------------  S Y S T E M  ---------------

OS:
 Windows 11 , 64 bit Build 26100 (10.0.26100.8328)
OS uptime: 1 days 1:56 hours

CPU: total 16 (initial active 16) (16 cores per cpu, 2 threads per core) family 25 model 80 stepping 0 microcode 0xa50000f, cx8, cmov, fxsr, ht, mmx, 3dnowpref, sse, sse2, sse3, ssse3, sse4a, sse4.1, sse4.2, popcnt, lzcnt, tsc, tscinvbit, avx, avx2, aes, erms, clmul, bmi1, bmi2, adx, sha, fma, vzeroupper, clflush, clflushopt, rdtscp, rdpid, fsrm, f16c, pku, cet_ss
Processor Information for the first 16 processors :
  Max Mhz: 2000, Current Mhz: 2000, Mhz Limit: 2000

Memory: 4k page, system-wide physical 15724M (5752M free)
TotalPageFile size 45359M (AvailPageFile size 122M)
current process WorkingSet (physical memory assigned to process): 15M, peak: 15M
current process commit charge ("private bytes"): 72M, peak: 318M

vm_info: Java HotSpot(TM) 64-Bit Server VM (23.0.1+11-39) for windows-amd64 JRE (23.0.1+11-39), built on 2024-09-30T07:20:43Z with MS VC++ 17.6 (VS2022)

END.
